[m.facebook.com/index.html]
[backblue.gif]
[fade.gif]
[index.html]
[static.xx.fbcdn.net/rsrc.php/v3/y8/r/k97pj8-or6s.png]
[m.facebook.com/indexdb48.html]
[m.facebook.com/index5843.html]
[m.facebook.com/index9975.html]
[m.facebook.com/index616f.html]
[m.facebook.com/indexe93f.html]
[m.facebook.com/indexfff2.html]
[m.facebook.com/index1424.html]
[m.facebook.com/index08d6.html]
[m.facebook.com/indexd399.html]
[m.facebook.com/indexd1b1.html]
[m.facebook.com/indexc978.html]
[m.facebook.com/index9584.html]
[fbsbx.com/security/hsts-pixel.gif]
[m.facebook.com/index0d37.html]
[m.facebook.com/indexfdd9.html]
[m.facebook.com/indexbdf7.html]
[m.facebook.com/index.html]
[m.facebook.com/index5843.html]
[m.facebook.com/indexdb48.html]
[m.facebook.com/index9975.html]
[m.facebook.com/indexe93f.html]
[m.facebook.com/index616f.html]
[m.facebook.com/indexfff2.html]
[m.facebook.com/index1424.html]
[m.facebook.com/index08d6.html]
[m.facebook.com/indexd399.html]
[m.facebook.com/indexd1b1.html]
[m.facebook.com/indexc978.html]
[m.facebook.com/index9584.html]
[m.facebook.com/index0d37.html]
[m.facebook.com/indexfdd9.html]
[m.facebook.com/indexbdf7.html]
[m.facebook.com/indexc8a9.html]
[m.facebook.com/indexc8a9.html]
[m.facebook.com/index420a.html]
[m.facebook.com/index420a.html]
[m.facebook.com/index2f05.html]
[m.facebook.com/index01c8.html]
[m.facebook.com/index7522.html]
[m.facebook.com/index12ee.html]
[m.facebook.com/indexc10d.html]
[m.facebook.com/index4509.html]
[m.facebook.com/indexea1c.html]
[m.facebook.com/indexeb7d.html]
[m.facebook.com/index04e9.html]
[m.facebook.com/indexed04.html]
[m.facebook.com/data/manifest/index.html]
[m.facebook.com/recover/initiate/index1575.html]
[m.facebook.com/index1874.html]
